../Drivers/STM32WBxx_HAL_Driver/Inc/stm32wbxx_ll_rcc.h:1679:22:LL_RCC_LSE_SetDriveCapability	16	static
../Drivers/STM32WBxx_HAL_Driver/Inc/stm32wbxx_ll_bus.h:539:22:LL_AHB2_GRP1_EnableClock	24	static
../Core/Src/main.c:74:5:main	16	static
../Core/Src/main.c:172:6:SystemClock_Config	112	static
../Core/Src/main.c:238:6:PeriphCommonClock_Config	88	static
../Core/Src/main.c:262:13:MX_LPUART1_UART_Init	8	static
../Core/Src/main.c:310:13:MX_USART1_UART_Init	8	static
../Core/Src/main.c:358:13:MX_USB_PCD_Init	8	static
../Core/Src/main.c:391:13:MX_GPIO_Init	32	static
../Core/Src/main.c:440:6:Motor_Transmit	16	static
../Core/Src/main.c:446:19:Motor_Receive	24	static
../Core/Src/main.c:473:6:HAL_GPIO_EXTI_Callback	16	static
../Core/Src/main.c:486:6:Error_Handler	4	static,ignoring_inline_asm
