../STM32_WPAN/App/custom_app.c:89:6:Custom_STM_App_Notification	24	static
../STM32_WPAN/App/custom_app.c:190:6:Custom_APP_Notification	16	static
../STM32_WPAN/App/custom_app.c:227:6:Custom_APP_Init	8	static
../STM32_WPAN/App/custom_app.c:255:6:Custom_State_c_Update_Char	16	static
../STM32_WPAN/App/custom_app.c:274:6:Custom_State_c_Send_Notification	16	static
../STM32_WPAN/App/custom_app.c:331:6:P2PS_APP_B1_Button_Action	4	static
../STM32_WPAN/App/custom_app.c:339:6:P2PS_APP_B2_Button_Action	4	static
../STM32_WPAN/App/custom_app.c:347:6:P2PS_APP_B3_Button_Action	4	static
../STM32_WPAN/App/custom_app.c:355:6:P2PS_APP_Motor_Stopped_Action	8	static
../STM32_WPAN/App/custom_app.c:363:6:P2PS_APP_Motor_Pending_Action	8	static
../STM32_WPAN/App/custom_app.c:371:6:P2PS_APP_Motor_Done_Action	8	static
../STM32_WPAN/App/custom_app.c:379:10:Payload_To_Speed	24	static
