../STM32_WPAN/App/custom_app.c:90:6:Custom_STM_App_Notification	24	static
../STM32_WPAN/App/custom_app.c:191:6:Custom_APP_Notification	16	static
../STM32_WPAN/App/custom_app.c:228:6:Custom_APP_Init	8	static
../STM32_WPAN/App/custom_app.c:256:6:Custom_State_c_Update_Char	16	static
../STM32_WPAN/App/custom_app.c:275:6:Custom_State_c_Send_Notification	16	static
../STM32_WPAN/App/custom_app.c:332:6:P2PS_APP_B1_Button_Action	4	static
../STM32_WPAN/App/custom_app.c:340:6:P2PS_APP_B2_Button_Action	4	static
../STM32_WPAN/App/custom_app.c:348:6:P2PS_APP_B3_Button_Action	4	static
../STM32_WPAN/App/custom_app.c:356:6:P2PS_APP_Motor_Stopped_Action	8	static
../STM32_WPAN/App/custom_app.c:364:6:P2PS_APP_Motor_Pending_Action	8	static
../STM32_WPAN/App/custom_app.c:372:6:P2PS_APP_Motor_Done_Action	8	static
../STM32_WPAN/App/custom_app.c:380:10:Payload_To_Speed	24	static
