../STM32_WPAN/App/p2p_server_app.c:118:6:P2PS_STM_App_Notification	24	static
../STM32_WPAN/App/p2p_server_app.c:209:6:P2PS_APP_Notification	16	static
../STM32_WPAN/App/p2p_server_app.c:244:6:P2PS_APP_Init	8	static
../STM32_WPAN/App/p2p_server_app.c:279:6:P2PS_APP_MOTOR_context_Init	8	static
../STM32_WPAN/App/p2p_server_app.c:292:6:P2PS_APP_SW1_Button_Action	8	static
../STM32_WPAN/App/p2p_server_app.c:300:6:Motor_Stopped_Complete	8	static
../STM32_WPAN/App/p2p_server_app.c:307:6:Motor_Pending_Complete	8	static
../STM32_WPAN/App/p2p_server_app.c:314:6:Motor_Done_Complete	8	static
../STM32_WPAN/App/p2p_server_app.c:349:6:P2PS_Send_Notification_Done	8	static
../STM32_WPAN/App/p2p_server_app.c:365:6:P2PS_Send_Notification_Stopped	8	static
../STM32_WPAN/App/p2p_server_app.c:381:6:P2PS_Send_Notification_Pending	8	static
