../STM32_WPAN/App/custom_app.c:89:6:Custom_STM_App_Notification	24	static
../STM32_WPAN/App/custom_app.c:161:6:Custom_APP_Notification	16	static
../STM32_WPAN/App/custom_app.c:198:6:Custom_APP_Init	8	static
../STM32_WPAN/App/custom_app.c:222:6:Custom_State_c_Update_Char	16	static
../STM32_WPAN/App/custom_app.c:241:6:Custom_State_c_Send_Notification	16	static
../STM32_WPAN/App/custom_app.c:298:6:P2PS_APP_B1_Button_Action	8	static
../STM32_WPAN/App/custom_app.c:306:6:P2PS_APP_B2_Button_Action	8	static
../STM32_WPAN/App/custom_app.c:314:6:P2PS_APP_B3_Button_Action	8	static
../STM32_WPAN/App/custom_app.c:322:10:Payload_To_Speed	24	static
