../Drivers/STM32WBxx_HAL_Driver/Inc/stm32wbxx_ll_rcc.h:1679:22:LL_RCC_LSE_SetDriveCapability	16	static
../Drivers/STM32WBxx_HAL_Driver/Inc/stm32wbxx_ll_bus.h:364:22:LL_AHB1_GRP1_EnableClock	24	static
../Drivers/STM32WBxx_HAL_Driver/Inc/stm32wbxx_ll_bus.h:539:22:LL_AHB2_GRP1_EnableClock	24	static
../Core/Src/main.c:78:5:main	8	static
../Core/Src/main.c:137:6:SystemClock_Config	112	static
../Core/Src/main.c:203:6:PeriphCommonClock_Config	88	static
../Core/Src/main.c:228:13:MX_IPCC_Init	8	static
../Core/Src/main.c:254:13:MX_RF_Init	4	static
../Core/Src/main.c:275:13:MX_RTC_Init	8	static
../Core/Src/main.c:318:6:MX_USART1_UART_Init	8	static
../Core/Src/main.c:366:13:MX_USB_PCD_Init	8	static
../Core/Src/main.c:397:13:MX_DMA_Init	8	static
../Core/Src/main.c:416:13:MX_GPIO_Init	32	static
../Core/Src/main.c:472:6:Error_Handler	4	static,ignoring_inline_asm
