../Drivers/STM32WBxx_HAL_Driver/Inc/stm32wbxx_ll_rcc.h:1679:22:LL_RCC_LSE_SetDriveCapability	16	static
../Drivers/STM32WBxx_HAL_Driver/Inc/stm32wbxx_ll_bus.h:364:22:LL_AHB1_GRP1_EnableClock	24	static
../Drivers/STM32WBxx_HAL_Driver/Inc/stm32wbxx_ll_bus.h:539:22:LL_AHB2_GRP1_EnableClock	24	static
../Core/Src/main.c:83:5:main	8	static
../Core/Src/main.c:144:6:SystemClock_Config	112	static
../Core/Src/main.c:210:6:PeriphCommonClock_Config	88	static
../Core/Src/main.c:235:13:MX_IPCC_Init	8	static
../Core/Src/main.c:261:13:MX_RF_Init	4	static
../Core/Src/main.c:282:13:MX_RTC_Init	8	static
../Core/Src/main.c:325:13:MX_TIM1_Init	120	static
../Core/Src/main.c:407:13:MX_TIM2_Init	56	static
../Core/Src/main.c:456:6:MX_USART1_UART_Init	8	static
../Core/Src/main.c:504:13:MX_USB_PCD_Init	8	static
../Core/Src/main.c:535:13:MX_DMA_Init	8	static
../Core/Src/main.c:554:13:MX_GPIO_Init	32	static
../Core/Src/main.c:623:10:Get_Counter	4	static
../Core/Src/main.c:628:6:UART_Transmit	16	static
../Core/Src/main.c:633:6:Set_CCR	16	static
../Core/Src/main.c:643:6:Error_Handler	4	static,ignoring_inline_asm
