../Drivers/STM32WBxx_HAL_Driver/Inc/stm32wbxx_ll_system.h:2223:26:LL_FLASH_GetUDN	4	static
../Drivers/STM32WBxx_HAL_Driver/Inc/stm32wbxx_ll_system.h:2235:26:LL_FLASH_GetDeviceID	4	static
../Drivers/STM32WBxx_HAL_Driver/Inc/stm32wbxx_ll_system.h:2247:26:LL_FLASH_GetSTCompanyID	4	static
../STM32_WPAN/App/app_ble.c:247:6:APP_BLE_Init	80	static
../STM32_WPAN/App/app_ble.c:377:28:SVCCTL_App_Notification	112	static
../STM32_WPAN/App/app_ble.c:691:22:APP_BLE_Get_Client_Connection_Status	16	static
../STM32_WPAN/App/app_ble.c:700:6:APP_BLE_Key_Button1_Action	8	static
../STM32_WPAN/App/app_ble.c:716:6:APP_BLE_Key_Button2_Action	8	static
../STM32_WPAN/App/app_ble.c:721:6:APP_BLE_Key_Button3_Action	8	static
../STM32_WPAN/App/app_ble.c:731:13:Ble_Tl_Init	16	static
../STM32_WPAN/App/app_ble.c:742:13:Ble_Hci_Gap_Gatt_Init	72	static
../STM32_WPAN/App/app_ble.c:956:13:Scan_Request	16	static
../STM32_WPAN/App/app_ble.c:990:13:Connect_Request	48	static
../STM32_WPAN/App/app_ble.c:1035:13:Switch_OFF_GPIO	8	static
../STM32_WPAN/App/app_ble.c:1042:16:BleGetBdAddress	32	static
../STM32_WPAN/App/app_ble.c:1099:6:hci_notify_asynch_evt	16	static
../STM32_WPAN/App/app_ble.c:1105:6:hci_cmd_resp_release	16	static
../STM32_WPAN/App/app_ble.c:1111:6:hci_cmd_resp_wait	16	static
../STM32_WPAN/App/app_ble.c:1117:13:BLE_UserEvtRx	24	static
../STM32_WPAN/App/app_ble.c:1137:13:BLE_StatusNot	24	static
../STM32_WPAN/App/app_ble.c:1166:6:SVCCTL_ResumeUserEventFlow	8	static
