../Drivers/STM32WBxx_HAL_Driver/Inc/stm32wbxx_ll_system.h:2223:26:LL_FLASH_GetUDN	4	static
../Drivers/STM32WBxx_HAL_Driver/Inc/stm32wbxx_ll_system.h:2235:26:LL_FLASH_GetDeviceID	4	static
../Drivers/STM32WBxx_HAL_Driver/Inc/stm32wbxx_ll_system.h:2247:26:LL_FLASH_GetSTCompanyID	4	static
../STM32_WPAN/App/app_ble.c:248:6:APP_BLE_Init	80	static
../STM32_WPAN/App/app_ble.c:378:28:SVCCTL_App_Notification	112	static
../STM32_WPAN/App/app_ble.c:712:22:APP_BLE_Get_Client_Connection_Status	16	static
../STM32_WPAN/App/app_ble.c:721:6:APP_BLE_Key_Button1_Action	8	static
../STM32_WPAN/App/app_ble.c:726:6:APP_BLE_Key_Button2_Action	8	static
../STM32_WPAN/App/app_ble.c:731:6:APP_BLE_Key_Button3_Action	8	static
../STM32_WPAN/App/app_ble.c:736:6:APP_BLE_Key_Hall_Sensor_Action	8	static
../STM32_WPAN/App/app_ble.c:741:6:Client_Start_Scanning	8	static
../STM32_WPAN/App/app_ble.c:754:13:Ble_Tl_Init	16	static
../STM32_WPAN/App/app_ble.c:765:13:Ble_Hci_Gap_Gatt_Init	72	static
../STM32_WPAN/App/app_ble.c:979:13:Scan_Request	16	static
../STM32_WPAN/App/app_ble.c:1013:13:Connect_Request	48	static
../STM32_WPAN/App/app_ble.c:1058:13:Switch_OFF_GPIO	8	static
../STM32_WPAN/App/app_ble.c:1065:16:BleGetBdAddress	32	static
../STM32_WPAN/App/app_ble.c:1122:6:hci_notify_asynch_evt	16	static
../STM32_WPAN/App/app_ble.c:1128:6:hci_cmd_resp_release	16	static
../STM32_WPAN/App/app_ble.c:1134:6:hci_cmd_resp_wait	16	static
../STM32_WPAN/App/app_ble.c:1140:13:BLE_UserEvtRx	24	static
../STM32_WPAN/App/app_ble.c:1160:13:BLE_StatusNot	24	static
../STM32_WPAN/App/app_ble.c:1189:6:SVCCTL_ResumeUserEventFlow	8	static
