../STM32_WPAN/App/p2p_client_app.c:176:6:P2PC_APP_Init	16	static
../STM32_WPAN/App/p2p_client_app.c:214:6:P2PC_APP_Notification	24	static
../STM32_WPAN/App/p2p_client_app.c:262:6:P2PC_APP_SW1_Button_Action	8	static
../STM32_WPAN/App/p2p_client_app.c:281:30:Event_Handler	88	static
../STM32_WPAN/App/p2p_client_app.c:568:6:Gatt_Notification	16	static
../STM32_WPAN/App/p2p_client_app.c:620:9:P2P_Client_APP_Get_State	4	static
../STM32_WPAN/App/p2p_client_app.c:629:12:Write_Char	24	static
../STM32_WPAN/App/p2p_client_app.c:655:6:Button_Trigger_Received	8	static
../STM32_WPAN/App/p2p_client_app.c:671:6:Update_Service	16	static
