../STM32_WPAN/App/p2p_client_app.c:196:6:P2PC_APP_Init	16	static
../STM32_WPAN/App/p2p_client_app.c:242:6:P2PC_APP_Notification	24	static
../STM32_WPAN/App/p2p_client_app.c:290:6:P2PC_APP_SW1_Button_Action	8	static
../STM32_WPAN/App/p2p_client_app.c:297:6:P2PC_APP_SW2_Button_Action	8	static
../STM32_WPAN/App/p2p_client_app.c:304:6:P2PC_APP_SW3_Button_Action	8	static
../STM32_WPAN/App/p2p_client_app.c:323:30:Event_Handler	88	static
../STM32_WPAN/App/p2p_client_app.c:610:6:Gatt_Notification	16	static
../STM32_WPAN/App/p2p_client_app.c:686:9:P2P_Client_APP_Get_State	4	static
../STM32_WPAN/App/p2p_client_app.c:695:12:Write_Char	24	static
../STM32_WPAN/App/p2p_client_app.c:739:6:Button1_Trigger_Received	8	static
../STM32_WPAN/App/p2p_client_app.c:752:6:Button2_Trigger_Received	8	static
../STM32_WPAN/App/p2p_client_app.c:765:6:Button3_Trigger_Received	8	static
../STM32_WPAN/App/p2p_client_app.c:778:6:Update_Service	16	static
