../Drivers/STM32WBxx_HAL_Driver/Inc/stm32wbxx_ll_rcc.h:1679:22:LL_RCC_LSE_SetDriveCapability	16	static
../Drivers/STM32WBxx_HAL_Driver/Inc/stm32wbxx_ll_bus.h:539:22:LL_AHB2_GRP1_EnableClock	24	static
../Core/Src/main.c:75:5:main	8	static
../Core/Src/main.c:214:6:SystemClock_Config	112	static
../Core/Src/main.c:280:6:PeriphCommonClock_Config	88	static
../Core/Src/main.c:304:13:MX_LPUART1_UART_Init	8	static
../Core/Src/main.c:352:13:MX_USART1_UART_Init	8	static
../Core/Src/main.c:400:13:MX_USB_PCD_Init	8	static
../Core/Src/main.c:433:13:MX_GPIO_Init	32	static
../Core/Src/main.c:498:6:B1_Pressed	4	static
../Core/Src/main.c:517:6:B2_Pressed	4	static
../Core/Src/main.c:522:6:B3_Pressed	4	static
../Core/Src/main.c:528:6:Motor_Transmit	16	static
../Core/Src/main.c:534:19:Motor_Receive	24	static
../Core/Src/main.c:561:6:HAL_GPIO_EXTI_Callback	16	static
../Core/Src/main.c:573:6:Error_Handler	4	static,ignoring_inline_asm
