../Drivers/STM32WBxx_HAL_Driver/Inc/stm32wbxx_ll_rcc.h:1679:22:LL_RCC_LSE_SetDriveCapability	16	static
../Drivers/STM32WBxx_HAL_Driver/Inc/stm32wbxx_ll_bus.h:539:22:LL_AHB2_GRP1_EnableClock	24	static
../Core/Src/main.c:85:5:main	8	static
../Core/Src/main.c:268:6:SystemClock_Config	112	static
../Core/Src/main.c:334:6:PeriphCommonClock_Config	88	static
../Core/Src/main.c:358:13:MX_LPUART1_UART_Init	8	static
../Core/Src/main.c:406:13:MX_USART1_UART_Init	8	static
../Core/Src/main.c:454:13:MX_USB_PCD_Init	8	static
../Core/Src/main.c:487:13:MX_GPIO_Init	32	static
../Core/Src/main.c:583:6:B1_Pressed	4	static
../Core/Src/main.c:613:6:B2_Pressed	4	static
../Core/Src/main.c:630:6:B3_Pressed	4	static
../Core/Src/main.c:638:6:Motor_Transmit	16	static
../Core/Src/main.c:644:19:Motor_Receive	24	static
../Core/Src/main.c:671:6:HAL_GPIO_EXTI_Callback	24	static
../Core/Src/main.c:703:6:Error_Handler	4	static,ignoring_inline_asm
