../Drivers/STM32WBxx_HAL_Driver/Inc/stm32wbxx_ll_rcc.h:1679:22:LL_RCC_LSE_SetDriveCapability	16	static
../Drivers/STM32WBxx_HAL_Driver/Inc/stm32wbxx_ll_bus.h:539:22:LL_AHB2_GRP1_EnableClock	24	static
../Core/Src/main.c:97:5:main	80	static
../Core/Src/main.c:210:6:SystemClock_Config	112	static
../Core/Src/main.c:276:6:PeriphCommonClock_Config	88	static
../Core/Src/main.c:300:13:MX_TIM2_Init	56	static
../Core/Src/main.c:349:13:MX_TIM16_Init	88	static
../Core/Src/main.c:412:13:MX_USART1_UART_Init	8	static
../Core/Src/main.c:460:13:MX_USB_PCD_Init	8	static
../Core/Src/main.c:493:13:MX_GPIO_Init	32	static
../Core/Src/main.c:562:6:Rot_CW_PWM	16	static
../Core/Src/main.c:568:6:Rot_CCW_PWM	16	static
../Core/Src/main.c:575:6:Set_CW	8	static
../Core/Src/main.c:587:6:Set_CCW	8	static
../Core/Src/main.c:600:6:Stop_Motor	8	static
../Core/Src/main.c:607:10:Get_Speed	24	static
../Core/Src/main.c:622:10:Read_Speed	56	static
../Core/Src/main.c:659:6:Set_Speed	176	static
../Core/Src/main.c:712:6:Update_PWM	32	static
../Core/Src/main.c:719:6:Red_On	8	static
../Core/Src/main.c:724:6:Red_Off	8	static
../Core/Src/main.c:729:6:Green_On	8	static
../Core/Src/main.c:734:6:Green_Off	8	static
../Core/Src/main.c:739:6:Blue_On	8	static
../Core/Src/main.c:744:6:Blue_Off	8	static
../Core/Src/main.c:749:6:HAL_GPIO_EXTI_Callback	16	static
../Core/Src/main.c:757:6:TIM2_IRQHandler	4	static
../Core/Src/main.c:767:6:Error_Handler	4	static,ignoring_inline_asm
