../Core/Src/LCD_utilities.c:74:6:Init_LCD	8	static
../Core/Src/LCD_utilities.c:95:6:Disp_Pic	32	static
../Core/Src/LCD_utilities.c:130:6:Clear_LCD	24	static
../Core/Src/LCD_utilities.c:159:6:Black_LCD	24	static
../Core/Src/LCD_utilities.c:188:6:Disp_Text_Small	560	static
../Core/Src/LCD_utilities.c:242:9:Find_Char_Index	24	static
../Core/Src/LCD_utilities.c:259:6:data_write	24	static
../Core/Src/LCD_utilities.c:292:6:comm_write	24	static
../Core/Src/LCD_utilities.c:327:6:comm_ADC_Select	8	static
../Core/Src/LCD_utilities.c:332:6:comm_Display_Off	8	static
../Core/Src/LCD_utilities.c:337:6:comm_Display_On	8	static
../Core/Src/LCD_utilities.c:342:6:comm_Com_Output_Scan_Reverse	8	static
../Core/Src/LCD_utilities.c:347:6:comm_LCD_Bias_1_9	8	static
../Core/Src/LCD_utilities.c:352:6:comm_Power_Control	8	static
../Core/Src/LCD_utilities.c:357:6:comm_Resistor_Ratio	8	static
../Core/Src/LCD_utilities.c:362:6:comm_Volume_Mode	8	static
../Core/Src/LCD_utilities.c:367:6:comm_Volume_Register	8	static
../Core/Src/LCD_utilities.c:372:6:comm_Display_Start_Addr_0	8	static
../Core/Src/LCD_utilities.c:377:6:comm_Col_Upper_Addr	8	static
../Core/Src/LCD_utilities.c:382:6:comm_Col_Lower_Addr	8	static
../Core/Src/LCD_utilities.c:387:6:comm_Page_Addr	16	static
