../Drivers/STM32WBxx_HAL_Driver/Inc/stm32wbxx_ll_rcc.h:1679:22:LL_RCC_LSE_SetDriveCapability	16	static
../Drivers/STM32WBxx_HAL_Driver/Inc/stm32wbxx_ll_bus.h:539:22:LL_AHB2_GRP1_EnableClock	24	static
../Core/Src/main.c:76:5:main	8	static
../Core/Src/main.c:168:6:SystemClock_Config	112	static
../Core/Src/main.c:234:6:PeriphCommonClock_Config	88	static
../Core/Src/main.c:258:13:MX_USART1_UART_Init	8	static
../Core/Src/main.c:306:13:MX_USB_PCD_Init	8	static
../Core/Src/main.c:339:13:MX_GPIO_Init	32	static
../Core/Src/main.c:401:6:Red_On	8	static
../Core/Src/main.c:406:6:Red_Off	8	static
../Core/Src/main.c:411:6:Green_On	8	static
../Core/Src/main.c:416:6:Green_Off	8	static
../Core/Src/main.c:421:6:Blue_On	8	static
../Core/Src/main.c:426:6:Blue_Off	8	static
../Core/Src/main.c:431:6:HAL_GPIO_EXTI_Callback	16	static
../Core/Src/main.c:444:6:Error_Handler	4	static,ignoring_inline_asm
