../Drivers/STM32WBxx_HAL_Driver/Inc/stm32wbxx_ll_rcc.h:1679:22:LL_RCC_LSE_SetDriveCapability	16	static
../Drivers/STM32WBxx_HAL_Driver/Inc/stm32wbxx_ll_bus.h:364:22:LL_AHB1_GRP1_EnableClock	24	static
../Drivers/STM32WBxx_HAL_Driver/Inc/stm32wbxx_ll_bus.h:539:22:LL_AHB2_GRP1_EnableClock	24	static
../Core/Src/main.c:106:5:main	8	static
../Core/Src/main.c:167:6:SystemClock_Config	112	static
../Core/Src/main.c:219:6:PeriphCommonClock_Config	88	static
../Core/Src/main.c:244:13:MX_IPCC_Init	8	static
../Core/Src/main.c:270:6:MX_LPUART1_UART_Init	8	static
../Core/Src/main.c:318:6:MX_USART1_UART_Init	8	static
../Core/Src/main.c:366:13:MX_RF_Init	4	static
../Core/Src/main.c:387:13:MX_RNG_Init	8	static
../Core/Src/main.c:414:13:MX_RTC_Init	8	static
../Core/Src/main.c:457:13:MX_TIM1_Init	120	static
../Core/Src/main.c:539:13:MX_TIM2_Init	56	static
../Core/Src/main.c:586:13:MX_DMA_Init	8	static
../Core/Src/main.c:609:13:MX_GPIO_Init	32	static
../Core/Src/main.c:655:10:Get_Counter	4	static
../Core/Src/main.c:660:6:UART_Transmit	16	static
../Core/Src/main.c:665:6:Set_CCR	16	static
../Core/Src/main.c:675:6:Error_Handler	4	static
